// Jest Snapshot v1, https://goo.gl/fbAQLP

exports[`renders correctly 1`] = `
<div>
  <div
    className="sc-bdnylx izYJON"
  >
    <div
      className="sc-dlnjPT kDuYLP"
    >
      <img
        alt="logo"
        src="cloud-district.jpg"
        style={
          Object {
            "width": "20vw",
          }
        }
      />
      <div
        className="sc-hKFyIo fyAEwx"
      >
        <div
          className="sc-gtssRu jjLJRN"
        >
          Social Login
        </div>
        <button
          className="sc-eCApGN ePxeUX"
          onClick={[Function]}
        >
          <span>
            Sign in with Google
          </span>
        </button>
      </div>
    </div>
  </div>
</div>
`;
